<html>
<body>
<pre>
<h1>µVision Build Log</h1>
<h2>Project:</h2>
E:\Dropbox\ArmBook\Connected_LaunchPad\Printf_4C1294\printf.uvproj
Project File Date:  04/17/2014

<h2>Output:</h2>
Build target 'printf'
compiling main.c...
main.c(32): warning:  #177-D: variable "i" was declared but never referenced
main.c(32): warning:  #177-D: variable "n" was declared but never referenced
linking...
Program Size: Code=3232 RO-data=96 RW-data=12 ZI-data=1028  
".\printf.axf" - 0 Errors, 2 Warning(s).
Load "E:\\Dropbox\\ArmBook\\Connected_LaunchPad\\Printf_4C1294\\printf.axf" 
Connecting: Mode=JTAG, Speed=1000000Hz
Erase Done.
Programming Done.
Verify OK.
Build target 'printf'
compiling main.c...
linking...
Program Size: Code=1404 RO-data=32 RW-data=4 ZI-data=1028  
".\printf.axf" - 0 Errors, 0 Warning(s).
